Archive member included to satisfy reference by file (symbol)

c:/ac6/systemworkbench/plugins/fr.ac6.mcu.externaltools.arm-none.win32_1.13.3.201707031232/tools/compiler/bin/../lib/gcc/arm-none-eabi/5.4.1/../../../../arm-none-eabi/lib/armv7e-m/fpu\libc_nano.a(lib_a-exit.o)
                              c:/ac6/systemworkbench/plugins/fr.ac6.mcu.externaltools.arm-none.win32_1.13.3.201707031232/tools/compiler/bin/../lib/gcc/arm-none-eabi/5.4.1/../../../../arm-none-eabi/lib/armv7e-m/fpu/crt0.o (exit)
c:/ac6/systemworkbench/plugins/fr.ac6.mcu.externaltools.arm-none.win32_1.13.3.201707031232/tools/compiler/bin/../lib/gcc/arm-none-eabi/5.4.1/../../../../arm-none-eabi/lib/armv7e-m/fpu\libc_nano.a(lib_a-impure.o)
                              c:/ac6/systemworkbench/plugins/fr.ac6.mcu.externaltools.arm-none.win32_1.13.3.201707031232/tools/compiler/bin/../lib/gcc/arm-none-eabi/5.4.1/../../../../arm-none-eabi/lib/armv7e-m/fpu\libc_nano.a(lib_a-exit.o) (_global_impure_ptr)
c:/ac6/systemworkbench/plugins/fr.ac6.mcu.externaltools.arm-none.win32_1.13.3.201707031232/tools/compiler/bin/../lib/gcc/arm-none-eabi/5.4.1/../../../../arm-none-eabi/lib/armv7e-m/fpu\libc_nano.a(lib_a-init.o)
                              c:/ac6/systemworkbench/plugins/fr.ac6.mcu.externaltools.arm-none.win32_1.13.3.201707031232/tools/compiler/bin/../lib/gcc/arm-none-eabi/5.4.1/../../../../arm-none-eabi/lib/armv7e-m/fpu/crt0.o (__libc_init_array)
c:/ac6/systemworkbench/plugins/fr.ac6.mcu.externaltools.arm-none.win32_1.13.3.201707031232/tools/compiler/bin/../lib/gcc/arm-none-eabi/5.4.1/../../../../arm-none-eabi/lib/armv7e-m/fpu\libc_nano.a(lib_a-memset.o)
                              c:/ac6/systemworkbench/plugins/fr.ac6.mcu.externaltools.arm-none.win32_1.13.3.201707031232/tools/compiler/bin/../lib/gcc/arm-none-eabi/5.4.1/../../../../arm-none-eabi/lib/armv7e-m/fpu/crt0.o (memset)
c:/ac6/systemworkbench/plugins/fr.ac6.mcu.externaltools.arm-none.win32_1.13.3.201707031232/tools/compiler/bin/../lib/gcc/arm-none-eabi/5.4.1/../../../../arm-none-eabi/lib/armv7e-m/fpu\libnosys.a(_exit.o)
                              c:/ac6/systemworkbench/plugins/fr.ac6.mcu.externaltools.arm-none.win32_1.13.3.201707031232/tools/compiler/bin/../lib/gcc/arm-none-eabi/5.4.1/../../../../arm-none-eabi/lib/armv7e-m/fpu\libc_nano.a(lib_a-exit.o) (_exit)

Allocating common symbols
Common symbol       size              file

b                   0x4               Src/main.o
uwTick              0x4               Drivers/STM32F4xx_HAL_Driver/Src/stm32f4xx_hal.o
pFlash              0x20              Drivers/STM32F4xx_HAL_Driver/Src/stm32f4xx_hal_flash.o
RingBuffer_UART     0xc               Src/main.o
rx                  0x100             Src/main.o
rx_BYTE             0x1               Src/main.o
i                   0x1               Src/main.o
huart4              0x40              Src/main.o
cmd                 0x80              Src/main.o

Discarded input sections

 .text          0x00000000        0x0 c:/ac6/systemworkbench/plugins/fr.ac6.mcu.externaltools.arm-none.win32_1.13.3.201707031232/tools/compiler/bin/../lib/gcc/arm-none-eabi/5.4.1/armv7e-m/fpu/crti.o
 .data          0x00000000        0x0 c:/ac6/systemworkbench/plugins/fr.ac6.mcu.externaltools.arm-none.win32_1.13.3.201707031232/tools/compiler/bin/../lib/gcc/arm-none-eabi/5.4.1/armv7e-m/fpu/crti.o
 .bss           0x00000000        0x0 c:/ac6/systemworkbench/plugins/fr.ac6.mcu.externaltools.arm-none.win32_1.13.3.201707031232/tools/compiler/bin/../lib/gcc/arm-none-eabi/5.4.1/armv7e-m/fpu/crti.o
 .data          0x00000000        0x4 c:/ac6/systemworkbench/plugins/fr.ac6.mcu.externaltools.arm-none.win32_1.13.3.201707031232/tools/compiler/bin/../lib/gcc/arm-none-eabi/5.4.1/armv7e-m/fpu/crtbegin.o
 .text          0x00000000       0x74 c:/ac6/systemworkbench/plugins/fr.ac6.mcu.externaltools.arm-none.win32_1.13.3.201707031232/tools/compiler/bin/../lib/gcc/arm-none-eabi/5.4.1/../../../../arm-none-eabi/lib/armv7e-m/fpu/crt0.o
 .data          0x00000000        0x0 c:/ac6/systemworkbench/plugins/fr.ac6.mcu.externaltools.arm-none.win32_1.13.3.201707031232/tools/compiler/bin/../lib/gcc/arm-none-eabi/5.4.1/../../../../arm-none-eabi/lib/armv7e-m/fpu/crt0.o
 .bss           0x00000000        0x0 c:/ac6/systemworkbench/plugins/fr.ac6.mcu.externaltools.arm-none.win32_1.13.3.201707031232/tools/compiler/bin/../lib/gcc/arm-none-eabi/5.4.1/../../../../arm-none-eabi/lib/armv7e-m/fpu/crt0.o
 .ARM.extab     0x00000000        0x0 c:/ac6/systemworkbench/plugins/fr.ac6.mcu.externaltools.arm-none.win32_1.13.3.201707031232/tools/compiler/bin/../lib/gcc/arm-none-eabi/5.4.1/../../../../arm-none-eabi/lib/armv7e-m/fpu/crt0.o
 .ARM.exidx     0x00000000        0x8 c:/ac6/systemworkbench/plugins/fr.ac6.mcu.externaltools.arm-none.win32_1.13.3.201707031232/tools/compiler/bin/../lib/gcc/arm-none-eabi/5.4.1/../../../../arm-none-eabi/lib/armv7e-m/fpu/crt0.o
 .ARM.attributes
[...]
Memory Configuration

Name             Origin             Length             Attributes
RAM              0x20000000         0x00020000         xrw
CCMRAM           0x10000000         0x00010000         rw
FLASH            0x08000000         0x00100000         xr
*default*        0x00000000         0xffffffff

Linker script and memory map

LOAD c:/ac6/systemworkbench/plugins/fr.ac6.mcu.externaltools.arm-none.win32_1.13.3.201707031232/tools/compiler/bin/../lib/gcc/arm-none-eabi/5.4.1/armv7e-m/fpu/crti.o
LOAD c:/ac6/systemworkbench/plugins/fr.ac6.mcu.externaltools.arm-none.win32_1.13.3.201707031232/tools/compiler/bin/../lib/gcc/arm-none-eabi/5.4.1/armv7e-m/fpu/crtbegin.o
LOAD c:/ac6/systemworkbench/plugins/fr.ac6.mcu.externaltools.arm-none.win32_1.13.3.201707031232/tools/compiler/bin/../lib/gcc/arm-none-eabi/5.4.1/../../../../arm-none-eabi/lib/armv7e-m/fpu/crt0.o
LOAD Drivers/STM32F4xx_HAL_Driver/Src/stm32f4xx_hal.o
LOAD Drivers/STM32F4xx_HAL_Driver/Src/stm32f4xx_hal_cortex.o
LOAD Drivers/STM32F4xx_HAL_Driver/Src/stm32f4xx_hal_dma.o
LOAD Drivers/STM32F4xx_HAL_Driver/Src/stm32f4xx_hal_dma_ex.o
LOAD Drivers/STM32F4xx_HAL_Driver/Src/stm32f4xx_hal_flash.o
LOAD Drivers/STM32F4xx_HAL_Driver/Src/stm32f4xx_hal_flash_ex.o
LOAD Drivers/STM32F4xx_HAL_Driver/Src/stm32f4xx_hal_flash_ramfunc.o
LOAD Drivers/STM32F4xx_HAL_Driver/Src/stm32f4xx_hal_gpio.o
LOAD Drivers/STM32F4xx_HAL_Driver/Src/stm32f4xx_hal_pwr.o
LOAD Drivers/STM32F4xx_HAL_Driver/Src/stm32f4xx_hal_pwr_ex.o
LOAD Drivers/STM32F4xx_HAL_Driver/Src/stm32f4xx_hal_rcc.o
LOAD Drivers/STM32F4xx_HAL_Driver/Src/stm32f4xx_hal_rcc_ex.o
LOAD Drivers/STM32F4xx_HAL_Driver/Src/stm32f4xx_hal_tim.o
LOAD Drivers/STM32F4xx_HAL_Driver/Src/stm32f4xx_hal_tim_ex.o
LOAD Drivers/STM32F4xx_HAL_Driver/Src/stm32f4xx_hal_uart.o
LOAD Src/main.o
LOAD Src/ringbuffer.o
LOAD Src/stm32f4xx_hal_msp.o
LOAD Src/stm32f4xx_it.o
LOAD Src/system_stm32f4xx.o
LOAD startup/startup_stm32f407xx.o
LOAD c:/ac6/systemworkbench/plugins/fr.ac6.mcu.externaltools.arm-none.win32_1.13.3.201707031232/tools/compiler/bin/../lib/gcc/arm-none-eabi/5.4.1/../../../../arm-none-eabi/lib/armv7e-m/fpu\libm.a
START GROUP
LOAD c:/ac6/systemworkbench/plugins/fr.ac6.mcu.externaltools.arm-none.win32_1.13.3.201707031232/tools/compiler/bin/../lib/gcc/arm-none-eabi/5.4.1/armv7e-m/fpu\libgcc.a
LOAD c:/ac6/systemworkbench/plugins/fr.ac6.mcu.externaltools.arm-none.win32_1.13.3.201707031232/tools/compiler/bin/../lib/gcc/arm-none-eabi/5.4.1/../../../../arm-none-eabi/lib/armv7e-m/fpu\libc_nano.a
END GROUP
START GROUP
LOAD c:/ac6/systemworkbench/plugins/fr.ac6.mcu.externaltools.arm-none.win32_1.13.3.201707031232/tools/compiler/bin/../lib/gcc/arm-none-eabi/5.4.1/armv7e-m/fpu\libgcc.a
LOAD c:/ac6/systemworkbench/plugins/fr.ac6.mcu.externaltools.arm-none.win32_1.13.3.201707031232/tools/compiler/bin/../lib/gcc/arm-none-eabi/5.4.1/../../../../arm-none-eabi/lib/armv7e-m/fpu\libc_nano.a
LOAD c:/ac6/systemworkbench/plugins/fr.ac6.mcu.externaltools.arm-none.win32_1.13.3.201707031232/tools/compiler/bin/../lib/gcc/arm-none-eabi/5.4.1/../../../../arm-none-eabi/lib/armv7e-m/fpu\libnosys.a
END GROUP
START GROUP
LOAD c:/ac6/systemworkbench/plugins/fr.ac6.mcu.externaltools.arm-none.win32_1.13.3.201707031232/tools/compiler/bin/../lib/gcc/arm-none-eabi/5.4.1/armv7e-m/fpu\libgcc.a
LOAD c:/ac6/systemworkbench/plugins/fr.ac6.mcu.externaltools.arm-none.win32_1.13.3.201707031232/tools/compiler/bin/../lib/gcc/arm-none-eabi/5.4.1/../../../../arm-none-eabi/lib/armv7e-m/fpu\libc_nano.a
LOAD c:/ac6/systemworkbench/plugins/fr.ac6.mcu.externaltools.arm-none.win32_1.13.3.201707031232/tools/compiler/bin/../lib/gcc/arm-none-eabi/5.4.1/../../../../arm-none-eabi/lib/armv7e-m/fpu\libnosys.a
END GROUP
LOAD c:/ac6/systemworkbench/plugins/fr.ac6.mcu.externaltools.arm-none.win32_1.13.3.201707031232/tools/compiler/bin/../lib/gcc/arm-none-eabi/5.4.1/armv7e-m/fpu/crtend.o
LOAD c:/ac6/systemworkbench/plugins/fr.ac6.mcu.externaltools.arm-none.win32_1.13.3.201707031232/tools/compiler/bin/../lib/gcc/arm-none-eabi/5.4.1/armv7e-m/fpu/crtn.o
                0x20020000                _estack = 0x20020000
                0x00000200                _Min_Heap_Size = 0x200
                0x00000400                _Min_Stack_Size = 0x400

.isr_vector     0x08000000      0x188
                0x08000000                . = ALIGN (0x4)
 *(.isr_vector)
 .isr_vector    0x08000000      0x188 startup/startup_stm32f407xx.o
                0x08000000                g_pfnVectors
                0x08000188                . = ALIGN (0x4)

.text           0x08000188     0x168c
                0x08000188                . = ALIGN (0x4)
 *(.text)
 .text          0x08000188       0x5c c:/ac6/systemworkbench/plugins/fr.ac6.mcu.externaltools.arm-none.win32_1.13.3.201707031232/tools/compiler/bin/../lib/gcc/arm-none-eabi/5.4.1/armv7e-m/fpu/crtbegin.o
 *(.text*)
 .text.HAL_InitTick
                0x080001e4       0x2c Drivers/STM32F4xx_HAL_Driver/Src/stm32f4xx_hal.o
                0x080001e4                HAL_InitTick
 .text.HAL_Init
                0x08000210       0x34 Drivers/STM32F4xx_HAL_Driver/Src/stm32f4xx_hal.o
                0x08000210                HAL_Init
 .text.HAL_IncTick
                0x08000244       0x10 Drivers/STM32F4xx_HAL_Driver/Src/stm32f4xx_hal.o
                0x08000244                HAL_IncTick
 .text.HAL_GetTick
                0x08000254        0xc Drivers/STM32F4xx_HAL_Driver/Src/stm32f4xx_hal.o
                0x08000254                HAL_GetTick
 .text.HAL_NVIC_SetPriorityGrouping
                0x08000260       0x24 Drivers/STM32F4xx_HAL_Driver/Src/stm32f4xx_hal_cortex.o
                0x08000260                HAL_NVIC_SetPriorityGrouping
 .text.HAL_NVIC_SetPriority
                0x08000284       0x64 Drivers/STM32F4xx_HAL_Driver/Src/stm32f4xx_hal_cortex.o
                0x08000284                HAL_NVIC_SetPriority
 .text.HAL_NVIC_EnableIRQ
                0x080002e8       0x18 Drivers/STM32F4xx_HAL_Driver/Src/stm32f4xx_hal_cortex.o
                0x080002e8                HAL_NVIC_EnableIRQ
 .text.HAL_SYSTICK_Config
                0x08000300       0x2c Drivers/STM32F4xx_HAL_Driver/Src/stm32f4xx_hal_cortex.o
                0x08000300                HAL_SYSTICK_Config
 .text.HAL_SYSTICK_CLKSourceConfig
                0x0800032c       0x20 Drivers/STM32F4xx_HAL_Driver/Src/stm32f4xx_hal_cortex.o
                0x0800032c                HAL_SYSTICK_CLKSourceConfig
 .text.HAL_SYSTICK_Callback
                0x0800034c        0x4 Drivers/STM32F4xx_HAL_Driver/Src/stm32f4xx_hal_cortex.o
                0x0800034c                HAL_SYSTICK_Callback
 .text.HAL_SYSTICK_IRQHandler
                0x08000350        0x8 Drivers/STM32F4xx_HAL_Driver/Src/stm32f4xx_hal_cortex.o
                0x08000350                HAL_SYSTICK_IRQHandler
 .text.HAL_DMA_Abort_IT
                0x08000358       0x28 Drivers/STM32F4xx_HAL_Driver/Src/stm32f4xx_hal_dma.o
                0x08000358                HAL_DMA_Abort_IT
 .text.HAL_GPIO_Init
                0x08000380      0x1c0 Drivers/STM32F4xx_HAL_Driver/Src/stm32f4xx_hal_gpio.o
                0x08000380                HAL_GPIO_Init
 .text.HAL_GPIO_WritePin
                0x08000540        0xc Drivers/STM32F4xx_HAL_Driver/Src/stm32f4xx_hal_gpio.o
                0x08000540                HAL_GPIO_WritePin
 .text.HAL_RCC_OscConfig
                0x0800054c      0x3c8 Drivers/STM32F4xx_HAL_Driver/Src/stm32f4xx_hal_rcc.o
                0x0800054c                HAL_RCC_OscConfig
 .text.HAL_RCC_GetSysClockFreq
                0x08000914       0xa4 Drivers/STM32F4xx_HAL_Driver/Src/stm32f4xx_hal_rcc.o
                0x08000914                HAL_RCC_GetSysClockFreq
 .text.HAL_RCC_ClockConfig
                0x080009b8      0x1b0 Drivers/STM32F4xx_HAL_Driver/Src/stm32f4xx_hal_rcc.o
                0x080009b8                HAL_RCC_ClockConfig
 .text.HAL_RCC_GetHCLKFreq
                0x08000b68        0xc Drivers/STM32F4xx_HAL_Driver/Src/stm32f4xx_hal_rcc.o
                0x08000b68                HAL_RCC_GetHCLKFreq
 .text.HAL_RCC_GetPCLK1Freq
                0x08000b74       0x30 Drivers/STM32F4xx_HAL_Driver/Src/stm32f4xx_hal_rcc.o
                0x08000b74                HAL_RCC_GetPCLK1Freq
 .text.HAL_RCC_GetPCLK2Freq
                0x08000ba4       0x30 Drivers/STM32F4xx_HAL_Driver/Src/stm32f4xx_hal_rcc.o
                0x08000ba4                HAL_RCC_GetPCLK2Freq
 .text.UART_EndRxTransfer
                0x08000bd4       0x1c Drivers/STM32F4xx_HAL_Driver/Src/stm32f4xx_hal_uart.o
 .text.UART_Transmit_IT
                0x08000bf0       0x6c Drivers/STM32F4xx_HAL_Driver/Src/stm32f4xx_hal_uart.o
 .text.UART_SetConfig
                0x08000c5c      0x32c Drivers/STM32F4xx_HAL_Driver/Src/stm32f4xx_hal_uart.o
 .text.UART_WaitOnFlagUntilTimeout
                0x08000f88       0x68 Drivers/STM32F4xx_HAL_Driver/Src/stm32f4xx_hal_uart.o
 .text.HAL_UART_Init
                0x08000ff0       0x64 Drivers/STM32F4xx_HAL_Driver/Src/stm32f4xx_hal_uart.o
                0x08000ff0                HAL_UART_Init
 .text.HAL_UART_Transmit
                0x08001054       0xe4 Drivers/STM32F4xx_HAL_Driver/Src/stm32f4xx_hal_uart.o
                0x08001054                HAL_UART_Transmit
 .text.HAL_UART_Receive_IT
                0x08001138       0x54 Drivers/STM32F4xx_HAL_Driver/Src/stm32f4xx_hal_uart.o
                0x08001138                HAL_UART_Receive_IT
 .text.HAL_UART_TxCpltCallback
                0x0800118c        0x4 Drivers/STM32F4xx_HAL_Driver/Src/stm32f4xx_hal_uart.o
                0x0800118c                HAL_UART_TxCpltCallback
 .text.UART_EndTransmit_IT
                0x08001190       0x1c Drivers/STM32F4xx_HAL_Driver/Src/stm32f4xx_hal_uart.o
 .text.UART_Receive_IT
                0x080011ac       0x94 Drivers/STM32F4xx_HAL_Driver/Src/stm32f4xx_hal_uart.o
 .text.HAL_UART_ErrorCallback
                0x08001240        0x4 Drivers/STM32F4xx_HAL_Driver/Src/stm32f4xx_hal_uart.o
                0x08001240                HAL_UART_ErrorCallback
 .text.HAL_UART_IRQHandler
                0x08001244      0x11c Drivers/STM32F4xx_HAL_Driver/Src/stm32f4xx_hal_uart.o
                0x08001244                HAL_UART_IRQHandler
 .text.UART_DMAAbortOnError
                0x08001360       0x10 Drivers/STM32F4xx_HAL_Driver/Src/stm32f4xx_hal_uart.o
 .text.MX_GPIO_Init
                0x08001370       0x74 Src/main.o
 .text.HAL_UART_RxCpltCallback
                0x080013e4       0x34 Src/main.o
                0x080013e4                HAL_UART_RxCpltCallback
 .text._Error_Handler
                0x08001418        0x4 Src/main.o
                0x08001418                _Error_Handler
 .text.MX_UART4_Init
                0x0800141c       0x3c Src/main.o
 .text.SystemClock_Config
                0x08001458       0xc4 Src/main.o
                0x08001458                SystemClock_Config
 .text.main     0x0800151c       0x9c Src/main.o
                0x0800151c                main
 .text.RingBuffer_Init
                0x080015b8        0xc Src/ringbuffer.o
                0x080015b8                RingBuffer_Init
 .text.RingBuffer_Get
                0x080015c4       0x28 Src/ringbuffer.o
                0x080015c4                RingBuffer_Get
 .text.RingBuffer_Put
                0x080015ec       0x28 Src/ringbuffer.o
                0x080015ec                RingBuffer_Put
 .text.HAL_MspInit
                0x08001614       0x60 Src/stm32f4xx_hal_msp.o
                0x08001614                HAL_MspInit
 .text.HAL_UART_MspInit
                0x08001674       0x60 Src/stm32f4xx_hal_msp.o
                0x08001674                HAL_UART_MspInit
 .text.NMI_Handler
                0x080016d4        0x4 Src/stm32f4xx_it.o
                0x080016d4                NMI_Handler
 .text.HardFault_Handler
                0x080016d8        0x4 Src/stm32f4xx_it.o
                0x080016d8                HardFault_Handler
 .text.MemManage_Handler
                0x080016dc        0x4 Src/stm32f4xx_it.o
                0x080016dc                MemManage_Handler
 .text.BusFault_Handler
                0x080016e0        0x4 Src/stm32f4xx_it.o
                0x080016e0                BusFault_Handler
 .text.UsageFault_Handler
                0x080016e4        0x4 Src/stm32f4xx_it.o
                0x080016e4                UsageFault_Handler
 .text.SVC_Handler
                0x080016e8        0x4 Src/stm32f4xx_it.o
                0x080016e8                SVC_Handler
 .text.DebugMon_Handler
                0x080016ec        0x4 Src/stm32f4xx_it.o
                0x080016ec                DebugMon_Handler
 .text.PendSV_Handler
                0x080016f0        0x4 Src/stm32f4xx_it.o
                0x080016f0                PendSV_Handler
 .text.SysTick_Handler
                0x080016f4        0xc Src/stm32f4xx_it.o
                0x080016f4                SysTick_Handler
 .text.UART4_IRQHandler
                0x08001700       0x10 Src/stm32f4xx_it.o
                0x08001700                UART4_IRQHandler
 .text.SystemInit
                0x08001710       0x4c Src/system_stm32f4xx.o
                0x08001710                SystemInit
 .text.Reset_Handler
                0x0800175c       0x50 startup/startup_stm32f407xx.o
                0x0800175c                Reset_Handler
 .text.Default_Handler
                0x080017ac        0x2 startup/startup_stm32f407xx.o
                0x080017ac                RTC_Alarm_IRQHandler
                0x080017ac                HASH_RNG_IRQHandler
                0x080017ac                EXTI2_IRQHandler
                0x080017ac                TIM8_CC_IRQHandler
                0x080017ac                TIM1_CC_IRQHandler
                0x080017ac                DMA2_Stream5_IRQHandler
                0x080017ac                DMA1_Stream5_IRQHandler
                0x080017ac                PVD_IRQHandler
                0x080017ac                SDIO_IRQHandler
                0x080017ac                TAMP_STAMP_IRQHandler
                0x080017ac                CAN2_RX1_IRQHandler
                0x080017ac                EXTI3_IRQHandler
                0x080017ac                TIM8_TRG_COM_TIM14_IRQHandler
                0x080017ac                TIM1_UP_TIM10_IRQHandler
                0x080017ac                TIM8_UP_TIM13_IRQHandler
                0x080017ac                I2C3_ER_IRQHandler
                0x080017ac                EXTI0_IRQHandler
                0x080017ac                I2C2_EV_IRQHandler
                0x080017ac                DMA1_Stream2_IRQHandler
                0x080017ac                CAN1_RX0_IRQHandler
                0x080017ac                FPU_IRQHandler
                0x080017ac                OTG_HS_WKUP_IRQHandler
                0x080017ac                CAN2_SCE_IRQHandler
                0x080017ac                DMA2_Stream2_IRQHandler
                0x080017ac                SPI1_IRQHandler
                0x080017ac                TIM6_DAC_IRQHandler
                0x080017ac                TIM1_BRK_TIM9_IRQHandler
                0x080017ac                DCMI_IRQHandler
                0x080017ac                CAN2_RX0_IRQHandler
                0x080017ac                DMA2_Stream3_IRQHandler
                0x080017ac                USART6_IRQHandler
                0x080017ac                USART3_IRQHandler
                0x080017ac                CAN1_RX1_IRQHandler
                0x080017ac                UART5_IRQHandler
                0x080017ac                DMA2_Stream0_IRQHandler
                0x080017ac                TIM4_IRQHandler
                0x080017ac                I2C1_EV_IRQHandler
                0x080017ac                DMA1_Stream6_IRQHandler
                0x080017ac                DMA1_Stream1_IRQHandler
                0x080017ac                TIM3_IRQHandler
                0x080017ac                RCC_IRQHandler
                0x080017ac                TIM8_BRK_TIM12_IRQHandler
                0x080017ac                Default_Handler
                0x080017ac                EXTI15_10_IRQHandler
                0x080017ac                ADC_IRQHandler
                0x080017ac                DMA1_Stream7_IRQHandler
                0x080017ac                TIM7_IRQHandler
                0x080017ac                CAN2_TX_IRQHandler
                0x080017ac                TIM5_IRQHandler
                0x080017ac                DMA2_Stream7_IRQHandler
                0x080017ac                I2C3_EV_IRQHandler
                0x080017ac                EXTI9_5_IRQHandler
                0x080017ac                RTC_WKUP_IRQHandler
                0x080017ac                ETH_WKUP_IRQHandler
                0x080017ac                SPI2_IRQHandler
                0x080017ac                OTG_HS_EP1_IN_IRQHandler
                0x080017ac                DMA1_Stream0_IRQHandler
                0x080017ac                CAN1_TX_IRQHandler
                0x080017ac                EXTI4_IRQHandler
                0x080017ac                FSMC_IRQHandler
                0x080017ac                ETH_IRQHandler
                0x080017ac                OTG_HS_EP1_OUT_IRQHandler
                0x080017ac                WWDG_IRQHandler
                0x080017ac                TIM2_IRQHandler
                0x080017ac                OTG_FS_WKUP_IRQHandler
                0x080017ac                TIM1_TRG_COM_TIM11_IRQHandler
                0x080017ac                OTG_HS_IRQHandler
                0x080017ac                EXTI1_IRQHandler
                0x080017ac                USART2_IRQHandler
                0x080017ac                I2C2_ER_IRQHandler
                0x080017ac                DMA2_Stream1_IRQHandler
                0x080017ac                CAN1_SCE_IRQHandler
                0x080017ac                FLASH_IRQHandler
                0x080017ac                DMA2_Stream4_IRQHandler
                0x080017ac                USART1_IRQHandler
                0x080017ac                OTG_FS_IRQHandler
                0x080017ac                SPI3_IRQHandler
                0x080017ac                DMA1_Stream4_IRQHandler
                0x080017ac                I2C1_ER_IRQHandler
                0x080017ac                DMA2_Stream6_IRQHandler
                0x080017ac                DMA1_Stream3_IRQHandler
 *fill*         0x080017ae        0x2 
 .text.__libc_init_array
                0x080017b0       0x4c c:/ac6/systemworkbench/plugins/fr.ac6.mcu.externaltools.arm-none.win32_1.13.3.201707031232/tools/compiler/bin/../lib/gcc/arm-none-eabi/5.4.1/../../../../arm-none-eabi/lib/armv7e-m/fpu\libc_nano.a(lib_a-init.o)
                0x080017b0                __libc_init_array
 *(.glue_7)
 .glue_7        0x080017fc        0x0 linker stubs
 *(.glue_7t)
 .glue_7t       0x080017fc        0x0 linker stubs
 *(.eh_frame)
 .eh_frame      0x080017fc        0x0 c:/ac6/systemworkbench/plugins/fr.ac6.mcu.externaltools.arm-none.win32_1.13.3.201707031232/tools/compiler/bin/../lib/gcc/arm-none-eabi/5.4.1/armv7e-m/fpu/crtbegin.o
 *(.init)
 .init          0x080017fc        0x4 c:/ac6/systemworkbench/plugins/fr.ac6.mcu.externaltools.arm-none.win32_1.13.3.201707031232/tools/compiler/bin/../lib/gcc/arm-none-eabi/5.4.1/armv7e-m/fpu/crti.o
                0x080017fc                _init
 .init          0x08001800        0x8 c:/ac6/systemworkbench/plugins/fr.ac6.mcu.externaltools.arm-none.win32_1.13.3.201707031232/tools/compiler/bin/../lib/gcc/arm-none-eabi/5.4.1/armv7e-m/fpu/crtn.o
 *(.fini)
 .fini          0x08001808        0x4 c:/ac6/systemworkbench/plugins/fr.ac6.mcu.externaltools.arm-none.win32_1.13.3.201707031232/tools/compiler/bin/../lib/gcc/arm-none-eabi/5.4.1/armv7e-m/fpu/crti.o
                0x08001808                _fini
 .fini          0x0800180c        0x8 c:/ac6/systemworkbench/plugins/fr.ac6.mcu.externaltools.arm-none.win32_1.13.3.201707031232/tools/compiler/bin/../lib/gcc/arm-none-eabi/5.4.1/armv7e-m/fpu/crtn.o
                0x08001814                . = ALIGN (0x4)
                0x08001814                _etext = .

.vfp11_veneer   0x08001814        0x0
 .vfp11_veneer  0x08001814        0x0 linker stubs

.v4_bx          0x08001814        0x0
 .v4_bx         0x08001814        0x0 linker stubs

.iplt           0x08001814        0x0
 .iplt          0x08001814        0x0 c:/ac6/systemworkbench/plugins/fr.ac6.mcu.externaltools.arm-none.win32_1.13.3.201707031232/tools/compiler/bin/../lib/gcc/arm-none-eabi/5.4.1/armv7e-m/fpu/crtbegin.o

.rodata         0x08001814       0x28
                0x08001814                . = ALIGN (0x4)
 *(.rodata)
 .rodata        0x08001814       0x18 Src/system_stm32f4xx.o
                0x08001814                AHBPrescTable
                0x08001824                APBPrescTable
 *(.rodata*)
 .rodata.str1.4
                0x0800182c       0x10 Src/main.o
                                  0xe (size before relaxing)
                0x0800183c                . = ALIGN (0x4)

.rel.dyn        0x0800183c        0x0
 .rel.iplt      0x0800183c        0x0 c:/ac6/systemworkbench/plugins/fr.ac6.mcu.externaltools.arm-none.win32_1.13.3.201707031232/tools/compiler/bin/../lib/gcc/arm-none-eabi/5.4.1/armv7e-m/fpu/crtbegin.o

.ARM.extab
 *(.ARM.extab* .gnu.linkonce.armextab.*)

.ARM            0x0800183c        0x0
                0x0800183c                __exidx_start = .
 *(.ARM.exidx*)
                0x0800183c                __exidx_end = .

.preinit_array  0x0800183c        0x0
                0x0800183c                PROVIDE (__preinit_array_start, .)
 *(.preinit_array*)
                0x0800183c                PROVIDE (__preinit_array_end, .)

.init_array     0x0800183c        0x4
                0x0800183c                PROVIDE (__init_array_start, .)
 *(SORT(.init_array.*))
 *(.init_array*)
 .init_array    0x0800183c        0x4 c:/ac6/systemworkbench/plugins/fr.ac6.mcu.externaltools.arm-none.win32_1.13.3.201707031232/tools/compiler/bin/../lib/gcc/arm-none-eabi/5.4.1/armv7e-m/fpu/crtbegin.o
                0x08001840                PROVIDE (__init_array_end, .)

.fini_array     0x08001840        0x4
                [!provide]                PROVIDE (__fini_array_start, .)
 *(SORT(.fini_array.*))
 *(.fini_array*)
 .fini_array    0x08001840        0x4 c:/ac6/systemworkbench/plugins/fr.ac6.mcu.externaltools.arm-none.win32_1.13.3.201707031232/tools/compiler/bin/../lib/gcc/arm-none-eabi/5.4.1/armv7e-m/fpu/crtbegin.o
                [!provide]                PROVIDE (__fini_array_end, .)
                0x08001844                _sidata = LOADADDR (.data)

.data           0x20000000        0x4 load address 0x08001844
                0x20000000                . = ALIGN (0x4)
                0x20000000                _sdata = .
 *(.data)
 .data          0x20000000        0x4 Src/system_stm32f4xx.o
                0x20000000                SystemCoreClock
 *(.data*)
                0x20000004                . = ALIGN (0x4)
                0x20000004                _edata = .
                0x08001848                _siccmram = LOADADDR (.ccmram)

.jcr            0x20000004        0x0 load address 0x08001848
 .jcr           0x20000004        0x0 c:/ac6/systemworkbench/plugins/fr.ac6.mcu.externaltools.arm-none.win32_1.13.3.201707031232/tools/compiler/bin/../lib/gcc/arm-none-eabi/5.4.1/armv7e-m/fpu/crtbegin.o

.igot.plt       0x20000004        0x0 load address 0x08001848
 .igot.plt      0x20000004        0x0 c:/ac6/systemworkbench/plugins/fr.ac6.mcu.externaltools.arm-none.win32_1.13.3.201707031232/tools/compiler/bin/../lib/gcc/arm-none-eabi/5.4.1/armv7e-m/fpu/crtbegin.o

.ccmram         0x10000000        0x0 load address 0x08001848
                0x10000000                . = ALIGN (0x4)
                0x10000000                _sccmram = .
 *(.ccmram)
 *(.ccmram*)
                0x10000000                . = ALIGN (0x4)
                0x10000000                _eccmram = .
                0x10000000                . = ALIGN (0x4)

.bss            0x20000004      0x1fc
                0x20000004                _sbss = .
                0x20000004                __bss_start__ = _sbss
 *(.bss)
 .bss           0x20000004       0x1c c:/ac6/systemworkbench/plugins/fr.ac6.mcu.externaltools.arm-none.win32_1.13.3.201707031232/tools/compiler/bin/../lib/gcc/arm-none-eabi/5.4.1/armv7e-m/fpu/crtbegin.o
 .bss           0x20000020        0x5 Src/main.o
                0x20000020                rx_count
                0x20000024                icmd
 *(.bss*)
 *(COMMON)
 *fill*         0x20000025        0x3 
 COMMON         0x20000028        0x4 Drivers/STM32F4xx_HAL_Driver/Src/stm32f4xx_hal.o
                0x20000028                uwTick
 COMMON         0x2000002c      0x1d4 Src/main.o
                0x2000002c                b
                0x20000030                RingBuffer_UART
                0x2000003c                rx
                0x2000013c                rx_BYTE
                0x2000013d                i
                0x20000140                huart4
                0x20000180                cmd
                0x20000200                . = ALIGN (0x4)
                0x20000200                _ebss = .
                0x20000200                __bss_end__ = _ebss

._user_heap_stack
                0x20000200      0x600
                0x20000200                . = ALIGN (0x8)
                [!provide]                PROVIDE (end, .)
                [!provide]                PROVIDE (_end, .)
                0x20000400                . = (. + _Min_Heap_Size)
 *fill*         0x20000200      0x200 
                0x20000800                . = (. + _Min_Stack_Size)
 *fill*         0x20000400      0x400 
                0x20000800                . = ALIGN (0x8)

/DISCARD/
 libc.a(*)
 libm.a(*)
 libgcc.a(*)

.ARM.attributes
                0x00000000       0x30
 *(.ARM.attributes)
 .ARM.attributes
                0x00000000       0x22 c:/ac6/systemworkbench/plugins/fr.ac6.mcu.externaltools.arm-none.win32_1.13.3.201707031232/tools/compiler/bin/../lib/gcc/arm-none-eabi/5.4.1/armv7e-m/fpu/crti.o
 .ARM.attributes
                0x00000022       0x34 c:/ac6/systemworkbench/plugins/fr.ac6.mcu.externaltools.arm-none.win32_1.13.3.201707031232/tools/compiler/bin/../lib/gcc/arm-none-eabi/5.4.1/armv7e-m/fpu/crtbegin.o
 .ARM.attributes
                0x00000056       0x39 Drivers/STM32F4xx_HAL_Driver/Src/stm32f4xx_hal.o
 .ARM.attributes
                0x0000008f       0x39 Drivers/STM32F4xx_HAL_Driver/Src/stm32f4xx_hal_cortex.o
 .ARM.attributes
                0x000000c8       0x39 Drivers/STM32F4xx_HAL_Driver/Src/stm32f4xx_hal_dma.o
 .ARM.attributes
                0x00000101       0x39 Drivers/STM32F4xx_HAL_Driver/Src/stm32f4xx_hal_gpio.o
 .ARM.attributes
                0x0000013a       0x39 Drivers/STM32F4xx_HAL_Driver/Src/stm32f4xx_hal_rcc.o
 .ARM.attributes
                0x00000173       0x39 Drivers/STM32F4xx_HAL_Driver/Src/stm32f4xx_hal_uart.o
 .ARM.attributes
                0x000001ac       0x39 Src/main.o
 .ARM.attributes
                0x000001e5       0x39 Src/ringbuffer.o
 .ARM.attributes
                0x0000021e       0x39 Src/stm32f4xx_hal_msp.o
 .ARM.attributes
                0x00000257       0x39 Src/stm32f4xx_it.o
 .ARM.attributes
                0x00000290       0x39 Src/system_stm32f4xx.o
 .ARM.attributes
                0x000002c9       0x21 startup/startup_stm32f407xx.o
 .ARM.attributes
                0x000002ea       0x34 c:/ac6/systemworkbench/plugins/fr.ac6.mcu.externaltools.arm-none.win32_1.13.3.201707031232/tools/compiler/bin/../lib/gcc/arm-none-eabi/5.4.1/../../../../arm-none-eabi/lib/armv7e-m/fpu\libc_nano.a(lib_a-init.o)
 .ARM.attributes
                0x0000031e       0x22 c:/ac6/systemworkbench/plugins/fr.ac6.mcu.externaltools.arm-none.win32_1.13.3.201707031232/tools/compiler/bin/../lib/gcc/arm-none-eabi/5.4.1/armv7e-m/fpu/crtn.o
OUTPUT(IT_UART.elf elf32-littlearm)

.debug_info     0x00000000     0x77cd
 .debug_info    0x00000000      0x928 Drivers/STM32F4xx_HAL_Driver/Src/stm32f4xx_hal.o
 .debug_info    0x00000928      0xf0d Drivers/STM32F4xx_HAL_Driver/Src/stm32f4xx_hal_cortex.o
 .debug_info    0x00001835      0xa62 Drivers/STM32F4xx_HAL_Driver/Src/stm32f4xx_hal_dma.o
 .debug_info    0x00002297      0x72a Drivers/STM32F4xx_HAL_Driver/Src/stm32f4xx_hal_gpio.o
 .debug_info    0x000029c1      0xce5 Drivers/STM32F4xx_HAL_Driver/Src/stm32f4xx_hal_rcc.o
 .debug_info    0x000036a6     0x16b4 Drivers/STM32F4xx_HAL_Driver/Src/stm32f4xx_hal_uart.o
 .debug_info    0x00004d5a     0x1096 Src/main.o
 .debug_info    0x00005df0      0x205 Src/ringbuffer.o
 .debug_info    0x00005ff5      0xc23 Src/stm32f4xx_hal_msp.o
 .debug_info    0x00006c18      0x632 Src/stm32f4xx_it.o
 .debug_info    0x0000724a      0x500 Src/system_stm32f4xx.o
 .debug_info    0x0000774a       0x83 startup/startup_stm32f407xx.o

.debug_abbrev   0x00000000     0x163d
 .debug_abbrev  0x00000000      0x25c Drivers/STM32F4xx_HAL_Driver/Src/stm32f4xx_hal.o
 .debug_abbrev  0x0000025c      0x2fe Drivers/STM32F4xx_HAL_Driver/Src/stm32f4xx_hal_cortex.o
 .debug_abbrev  0x0000055a      0x28e Drivers/STM32F4xx_HAL_Driver/Src/stm32f4xx_hal_dma.o
 .debug_abbrev  0x000007e8      0x1cd Drivers/STM32F4xx_HAL_Driver/Src/stm32f4xx_hal_gpio.o
 .debug_abbrev  0x000009b5      0x2b0 Drivers/STM32F4xx_HAL_Driver/Src/stm32f4xx_hal_rcc.o
 .debug_abbrev  0x00000c65      0x26f Drivers/STM32F4xx_HAL_Driver/Src/stm32f4xx_hal_uart.o
 .debug_abbrev  0x00000ed4      0x24a Src/main.o
 .debug_abbrev  0x0000111e       0xf1 Src/ringbuffer.o
 .debug_abbrev  0x0000120f      0x1a0 Src/stm32f4xx_hal_msp.o
 .debug_abbrev  0x000013af      0x178 Src/stm32f4xx_it.o
 .debug_abbrev  0x00001527      0x104 Src/system_stm32f4xx.o
 .debug_abbrev  0x0000162b       0x12 startup/startup_stm32f407xx.o

.debug_loc      0x00000000     0x2f9e
 .debug_loc     0x00000000       0x91 Drivers/STM32F4xx_HAL_Driver/Src/stm32f4xx_hal.o
 .debug_loc     0x00000091      0x548 Drivers/STM32F4xx_HAL_Driver/Src/stm32f4xx_hal_cortex.o
 .debug_loc     0x000005d9      0xa0b Drivers/STM32F4xx_HAL_Driver/Src/stm32f4xx_hal_dma.o
 .debug_loc     0x00000fe4      0x38f Drivers/STM32F4xx_HAL_Driver/Src/stm32f4xx_hal_gpio.o
 .debug_loc     0x00001373      0x622 Drivers/STM32F4xx_HAL_Driver/Src/stm32f4xx_hal_rcc.o
 .debug_loc     0x00001995     0x137a Drivers/STM32F4xx_HAL_Driver/Src/stm32f4xx_hal_uart.o
 .debug_loc     0x00002d0f       0x2c Src/main.o
 .debug_loc     0x00002d3b       0xe4 Src/ringbuffer.o
 .debug_loc     0x00002e1f       0x4d Src/stm32f4xx_hal_msp.o
 .debug_loc     0x00002e6c      0x132 Src/system_stm32f4xx.o

.debug_aranges  0x00000000      0x620
 .debug_aranges
                0x00000000       0xc8 Drivers/STM32F4xx_HAL_Driver/Src/stm32f4xx_hal.o
 .debug_aranges
                0x000000c8       0xa8 Drivers/STM32F4xx_HAL_Driver/Src/stm32f4xx_hal_cortex.o
 .debug_aranges
                0x00000170       0x90 Drivers/STM32F4xx_HAL_Driver/Src/stm32f4xx_hal_dma.o
 .debug_aranges
                0x00000200       0x58 Drivers/STM32F4xx_HAL_Driver/Src/stm32f4xx_hal_gpio.o
 .debug_aranges
                0x00000258       0x88 Drivers/STM32F4xx_HAL_Driver/Src/stm32f4xx_hal_rcc.o
 .debug_aranges
                0x000002e0      0x1d0 Drivers/STM32F4xx_HAL_Driver/Src/stm32f4xx_hal_uart.o
 .debug_aranges
                0x000004b0       0x48 Src/main.o
 .debug_aranges
                0x000004f8       0x40 Src/ringbuffer.o
 .debug_aranges
                0x00000538       0x30 Src/stm32f4xx_hal_msp.o
 .debug_aranges
                0x00000568       0x68 Src/stm32f4xx_it.o
 .debug_aranges
                0x000005d0       0x28 Src/system_stm32f4xx.o
 .debug_aranges
                0x000005f8       0x28 startup/startup_stm32f407xx.o

.debug_ranges   0x00000000      0x568
 .debug_ranges  0x00000000       0xb8 Drivers/STM32F4xx_HAL_Driver/Src/stm32f4xx_hal.o
 .debug_ranges  0x000000b8       0x98 Drivers/STM32F4xx_HAL_Driver/Src/stm32f4xx_hal_cortex.o
 .debug_ranges  0x00000150       0x80 Drivers/STM32F4xx_HAL_Driver/Src/stm32f4xx_hal_dma.o
 .debug_ranges  0x000001d0       0x48 Drivers/STM32F4xx_HAL_Driver/Src/stm32f4xx_hal_gpio.o
 .debug_ranges  0x00000218       0x78 Drivers/STM32F4xx_HAL_Driver/Src/stm32f4xx_hal_rcc.o
 .debug_ranges  0x00000290      0x1c0 Drivers/STM32F4xx_HAL_Driver/Src/stm32f4xx_hal_uart.o
 .debug_ranges  0x00000450       0x38 Src/main.o
 .debug_ranges  0x00000488       0x30 Src/ringbuffer.o
 .debug_ranges  0x000004b8       0x20 Src/stm32f4xx_hal_msp.o
 .debug_ranges  0x000004d8       0x58 Src/stm32f4xx_it.o
 .debug_ranges  0x00000530       0x18 Src/system_stm32f4xx.o
 .debug_ranges  0x00000548       0x20 startup/startup_stm32f407xx.o

.debug_macro    0x00000000    0x200c2
 .debug_macro   0x00000000      0x355 Drivers/STM32F4xx_HAL_Driver/Src/stm32f4xx_hal.o
 .debug_macro   0x00000355      0x898 Drivers/STM32F4xx_HAL_Driver/Src/stm32f4xx_hal.o
 .debug_macro   0x00000bed       0x40 Drivers/STM32F4xx_HAL_Driver/Src/stm32f4xx_hal.o
 .debug_macro   0x00000c2d      0x17a Drivers/STM32F4xx_HAL_Driver/Src/stm32f4xx_hal.o
 .debug_macro   0x00000da7       0x33 Drivers/STM32F4xx_HAL_Driver/Src/stm32f4xx_hal.o
 .debug_macro   0x00000dda       0x28 Drivers/STM32F4xx_HAL_Driver/Src/stm32f4xx_hal.o
 .debug_macro   0x00000e02       0x22 Drivers/STM32F4xx_HAL_Driver/Src/stm32f4xx_hal.o
 .debug_macro   0x00000e24       0x87 Drivers/STM32F4xx_HAL_Driver/Src/stm32f4xx_hal.o
 .debug_macro   0x00000eab       0x44 Drivers/STM32F4xx_HAL_Driver/Src/stm32f4xx_hal.o
 .debug_macro   0x00000eef       0xfd Drivers/STM32F4xx_HAL_Driver/Src/stm32f4xx_hal.o
 .debug_macro   0x00000fec       0x5e Drivers/STM32F4xx_HAL_Driver/Src/stm32f4xx_hal.o
 .debug_macro   0x0000104a      0x1df Drivers/STM32F4xx_HAL_Driver/Src/stm32f4xx_hal.o
 .debug_macro   0x00001229       0x35 Drivers/STM32F4xx_HAL_Driver/Src/stm32f4xx_hal.o
 .debug_macro   0x0000125e       0x50 Drivers/STM32F4xx_HAL_Driver/Src/stm32f4xx_hal.o
 .debug_macro   0x000012ae      0xe66 Drivers/STM32F4xx_HAL_Driver/Src/stm32f4xx_hal.o
 .debug_macro   0x00002114    0x15e04 Drivers/STM32F4xx_HAL_Driver/Src/stm32f4xx_hal.o
 .debug_macro   0x00017f18       0x43 Drivers/STM32F4xx_HAL_Driver/Src/stm32f4xx_hal.o
 .debug_macro   0x00017f5b     0x3574 Drivers/STM32F4xx_HAL_Driver/Src/stm32f4xx_hal.o
 .debug_macro   0x0001b4cf       0x52 Drivers/STM32F4xx_HAL_Driver/Src/stm32f4xx_hal.o
 .debug_macro   0x0001b521       0x35 Drivers/STM32F4xx_HAL_Driver/Src/stm32f4xx_hal.o
 .debug_macro   0x0001b556       0x9c Drivers/STM32F4xx_HAL_Driver/Src/stm32f4xx_hal.o
 .debug_macro   0x0001b5f2       0x16 Drivers/STM32F4xx_HAL_Driver/Src/stm32f4xx_hal.o
 .debug_macro   0x0001b608       0x97 Drivers/STM32F4xx_HAL_Driver/Src/stm32f4xx_hal.o
 .debug_macro   0x0001b69f      0x30d Drivers/STM32F4xx_HAL_Driver/Src/stm32f4xx_hal.o
 .debug_macro   0x0001b9ac       0xfd Drivers/STM32F4xx_HAL_Driver/Src/stm32f4xx_hal.o
 .debug_macro   0x0001baa9       0x10 Drivers/STM32F4xx_HAL_Driver/Src/stm32f4xx_hal.o
 .debug_macro   0x0001bab9       0x52 Drivers/STM32F4xx_HAL_Driver/Src/stm32f4xx_hal.o
 .debug_macro   0x0001bb0b       0x1f Drivers/STM32F4xx_HAL_Driver/Src/stm32f4xx_hal.o
 .debug_macro   0x0001bb2a       0x43 Drivers/STM32F4xx_HAL_Driver/Src/stm32f4xx_hal.o
 .debug_macro   0x0001bb6d       0x20 Drivers/STM32F4xx_HAL_Driver/Src/stm32f4xx_hal.o
 .debug_macro   0x0001bb8d      0x187 Drivers/STM32F4xx_HAL_Driver/Src/stm32f4xx_hal.o
 .debug_macro   0x0001bd14       0x10 Drivers/STM32F4xx_HAL_Driver/Src/stm32f4xx_hal.o
 .debug_macro   0x0001bd24       0x1c Drivers/STM32F4xx_HAL_Driver/Src/stm32f4xx_hal.o
 .debug_macro   0x0001bd40       0x52 Drivers/STM32F4xx_HAL_Driver/Src/stm32f4xx_hal.o
 .debug_macro   0x0001bd92       0x40 Drivers/STM32F4xx_HAL_Driver/Src/stm32f4xx_hal.o
 .debug_macro   0x0001bdd2       0x10 Drivers/STM32F4xx_HAL_Driver/Src/stm32f4xx_hal.o
 .debug_macro   0x0001bde2       0x40 Drivers/STM32F4xx_HAL_Driver/Src/stm32f4xx_hal.o
 .debug_macro   0x0001be22       0xd7 Drivers/STM32F4xx_HAL_Driver/Src/stm32f4xx_hal.o
 .debug_macro   0x0001bef9       0x16 Drivers/STM32F4xx_HAL_Driver/Src/stm32f4xx_hal.o
 .debug_macro   0x0001bf0f      0x18b Drivers/STM32F4xx_HAL_Driver/Src/stm32f4xx_hal.o
 .debug_macro   0x0001c09a       0x50 Drivers/STM32F4xx_HAL_Driver/Src/stm32f4xx_hal.o
 .debug_macro   0x0001c0ea      0x96b Drivers/STM32F4xx_HAL_Driver/Src/stm32f4xx_hal.o
 .debug_macro   0x0001ca55      0x9e1 Drivers/STM32F4xx_HAL_Driver/Src/stm32f4xx_hal.o
 .debug_macro   0x0001d436      0x11e Drivers/STM32F4xx_HAL_Driver/Src/stm32f4xx_hal.o
 .debug_macro   0x0001d554      0x13e Drivers/STM32F4xx_HAL_Driver/Src/stm32f4xx_hal.o
 .debug_macro   0x0001d692       0x27 Drivers/STM32F4xx_HAL_Driver/Src/stm32f4xx_hal.o
 .debug_macro   0x0001d6b9      0x287 Drivers/STM32F4xx_HAL_Driver/Src/stm32f4xx_hal.o
 .debug_macro   0x0001d940       0x5f Drivers/STM32F4xx_HAL_Driver/Src/stm32f4xx_hal.o
 .debug_macro   0x0001d99f      0x23a Drivers/STM32F4xx_HAL_Driver/Src/stm32f4xx_hal.o
 .debug_macro   0x0001dbd9      0x133 Drivers/STM32F4xx_HAL_Driver/Src/stm32f4xx_hal.o
 .debug_macro   0x0001dd0c      0x21e Drivers/STM32F4xx_HAL_Driver/Src/stm32f4xx_hal.o
 .debug_macro   0x0001df2a       0x2e Drivers/STM32F4xx_HAL_Driver/Src/stm32f4xx_hal.o
 .debug_macro   0x0001df58      0x11e Drivers/STM32F4xx_HAL_Driver/Src/stm32f4xx_hal.o
 .debug_macro   0x0001e076       0x7f Drivers/STM32F4xx_HAL_Driver/Src/stm32f4xx_hal.o
 .debug_macro   0x0001e0f5       0x89 Drivers/STM32F4xx_HAL_Driver/Src/stm32f4xx_hal.o
 .debug_macro   0x0001e17e      0x287 Drivers/STM32F4xx_HAL_Driver/Src/stm32f4xx_hal.o
 .debug_macro   0x0001e405      0x125 Drivers/STM32F4xx_HAL_Driver/Src/stm32f4xx_hal.o
 .debug_macro   0x0001e52a      0x2f5 Drivers/STM32F4xx_HAL_Driver/Src/stm32f4xx_hal_cortex.o
 .debug_macro   0x0001e81f      0x2fc Drivers/STM32F4xx_HAL_Driver/Src/stm32f4xx_hal_dma.o
 .debug_macro   0x0001eb1b      0x32d Drivers/STM32F4xx_HAL_Driver/Src/stm32f4xx_hal_gpio.o
 .debug_macro   0x0001ee48      0x31f Drivers/STM32F4xx_HAL_Driver/Src/stm32f4xx_hal_rcc.o
 .debug_macro   0x0001f167      0x2f6 Drivers/STM32F4xx_HAL_Driver/Src/stm32f4xx_hal_uart.o
 .debug_macro   0x0001f45d      0x309 Src/main.o
 .debug_macro   0x0001f766       0x6d Src/ringbuffer.o
 .debug_macro   0x0001f7d3      0x2f5 Src/stm32f4xx_hal_msp.o
 .debug_macro   0x0001fac8      0x2ff Src/stm32f4xx_it.o
 .debug_macro   0x0001fdc7      0x2fb Src/system_stm32f4xx.o

.debug_line     0x00000000     0x6373
 .debug_line    0x00000000      0x913 Drivers/STM32F4xx_HAL_Driver/Src/stm32f4xx_hal.o
 .debug_line    0x00000913      0x970 Drivers/STM32F4xx_HAL_Driver/Src/stm32f4xx_hal_cortex.o
 .debug_line    0x00001283      0xa73 Drivers/STM32F4xx_HAL_Driver/Src/stm32f4xx_hal_dma.o
 .debug_line    0x00001cf6      0x8ea Drivers/STM32F4xx_HAL_Driver/Src/stm32f4xx_hal_gpio.o
 .debug_line    0x000025e0      0xa90 Drivers/STM32F4xx_HAL_Driver/Src/stm32f4xx_hal_rcc.o
 .debug_line    0x00003070     0x100d Drivers/STM32F4xx_HAL_Driver/Src/stm32f4xx_hal_uart.o
 .debug_line    0x0000407d      0x7fb Src/main.o
 .debug_line    0x00004878      0x353 Src/ringbuffer.o
 .debug_line    0x00004bcb      0x79b Src/stm32f4xx_hal_msp.o
 .debug_line    0x00005366      0x802 Src/stm32f4xx_it.o
 .debug_line    0x00005b68      0x78c Src/system_stm32f4xx.o
 .debug_line    0x000062f4       0x7f startup/startup_stm32f407xx.o

.debug_str      0x00000000    0xbbcca
 .debug_str     0x00000000    0xba43d Drivers/STM32F4xx_HAL_Driver/Src/stm32f4xx_hal.o
                              0xba7b9 (size before relaxing)
 .debug_str     0x000ba43d      0x3b8 Drivers/STM32F4xx_HAL_Driver/Src/stm32f4xx_hal_cortex.o
                              0xba581 (size before relaxing)
 .debug_str     0x000ba7f5      0x53e Drivers/STM32F4xx_HAL_Driver/Src/stm32f4xx_hal_dma.o
                              0xba101 (size before relaxing)
 .debug_str     0x000bad33      0x292 Drivers/STM32F4xx_HAL_Driver/Src/stm32f4xx_hal_gpio.o
                              0xb9f0f (size before relaxing)
 .debug_str     0x000bafc5      0x39c Drivers/STM32F4xx_HAL_Driver/Src/stm32f4xx_hal_rcc.o
                              0xba10c (size before relaxing)
 .debug_str     0x000bb361      0x6ed Drivers/STM32F4xx_HAL_Driver/Src/stm32f4xx_hal_uart.o
                              0xba554 (size before relaxing)
 .debug_str     0x000bba4e       0xf7 Src/main.o
                              0xba8bf (size before relaxing)
 .debug_str     0x000bbb45       0x47 Src/ringbuffer.o
                               0x34c8 (size before relaxing)
 .debug_str     0x000bbb8c       0x1b Src/stm32f4xx_hal_msp.o
                              0xba631 (size before relaxing)
 .debug_str     0x000bbba7       0xc9 Src/stm32f4xx_it.o
                              0xba012 (size before relaxing)
 .debug_str     0x000bbc70       0x5a Src/system_stm32f4xx.o
                              0xb9cf7 (size before relaxing)

.comment        0x00000000       0x6e
 .comment       0x00000000       0x6e Drivers/STM32F4xx_HAL_Driver/Src/stm32f4xx_hal.o
                                 0x6f (size before relaxing)
 .comment       0x0000006e       0x6f Drivers/STM32F4xx_HAL_Driver/Src/stm32f4xx_hal_cortex.o
 .comment       0x0000006e       0x6f Drivers/STM32F4xx_HAL_Driver/Src/stm32f4xx_hal_dma.o
 .comment       0x0000006e       0x6f Drivers/STM32F4xx_HAL_Driver/Src/stm32f4xx_hal_gpio.o
 .comment       0x0000006e       0x6f Drivers/STM32F4xx_HAL_Driver/Src/stm32f4xx_hal_rcc.o
 .comment       0x0000006e       0x6f Drivers/STM32F4xx_HAL_Driver/Src/stm32f4xx_hal_uart.o
 .comment       0x0000006e       0x6f Src/main.o
 .comment       0x0000006e       0x6f Src/ringbuffer.o
 .comment       0x0000006e       0x6f Src/stm32f4xx_hal_msp.o
 .comment       0x0000006e       0x6f Src/stm32f4xx_it.o
 .comment       0x0000006e       0x6f Src/system_stm32f4xx.o

.debug_frame    0x00000000      0xe18
 .debug_frame   0x00000000      0x198 Drivers/STM32F4xx_HAL_Driver/Src/stm32f4xx_hal.o
 .debug_frame   0x00000198      0x154 Drivers/STM32F4xx_HAL_Driver/Src/stm32f4xx_hal_cortex.o
 .debug_frame   0x000002ec      0x184 Drivers/STM32F4xx_HAL_Driver/Src/stm32f4xx_hal_dma.o
 .debug_frame   0x00000470       0xc4 Drivers/STM32F4xx_HAL_Driver/Src/stm32f4xx_hal_gpio.o
 .debug_frame   0x00000534      0x150 Drivers/STM32F4xx_HAL_Driver/Src/stm32f4xx_hal_rcc.o
 .debug_frame   0x00000684      0x4e8 Drivers/STM32F4xx_HAL_Driver/Src/stm32f4xx_hal_uart.o
 .debug_frame   0x00000b6c       0xa8 Src/main.o
 .debug_frame   0x00000c14       0x84 Src/ringbuffer.o
 .debug_frame   0x00000c98       0x64 Src/stm32f4xx_hal_msp.o
 .debug_frame   0x00000cfc       0xc0 Src/stm32f4xx_it.o
 .debug_frame   0x00000dbc       0x30 Src/system_stm32f4xx.o
 .debug_frame   0x00000dec       0x2c c:/ac6/systemworkbench/plugins/fr.ac6.mcu.externaltools.arm-none.win32_1.13.3.201707031232/tools/compiler/bin/../lib/gcc/arm-none-eabi/5.4.1/../../../../arm-none-eabi/lib/armv7e-m/fpu\libc_nano.a(lib_a-init.o)
